<html>
<body>
<pre>
<h1>µVision Build Log</h1>
<h2>Project:</h2>
C:\Keil\EECS 3100\Project Templates\Lab7_TrafficLight\Lab7.uvproj
Project File Date:  11/03/2020

<h2>Output:</h2>
Rebuild target 'Lab7'
assembling startup.s...
compiling TableTrafficLight.c...
compiling SysTick.c...
linking...
Program Size: Code=4344 RO-data=14488 RW-data=68 ZI-data=1756  
".\Lab10.axf" - 0 Error(s), 0 Warning(s).
Load "C:\\Keil\\EECS 3100\\Project Templates\\Lab7_TrafficLight\\Lab10.axf" 
Connecting: Mode=JTAG, Speed=1000000Hz
Erase Done.
Programming Done.
Verify OK.
                                                                                             // stopSolidSW
TableTrafficLight.c: 0 warnings, 1 error
compiling SysTick.c...
".\Lab10.axf" - 1 Error(s), 0 Warning(s).
Target not created
